starting primary_f5_t32 first=eigen
completed primary_f5_t32: medians={'eigen': 0.657103107, 'lapack': 2.919415011}, max_difference=1.32567e-16
starting primary_f10_t32 first=lapack
completed primary_f10_t32: medians={'eigen': 1.488879296, 'lapack': 5.850068628}, max_difference=3.91742e-16
starting primary_f20_t32 first=eigen
completed primary_f20_t32: medians={'eigen': 4.059491058, 'lapack': 12.167578768}, max_difference=5.86191e-16
starting primary_f35_t32 first=lapack
completed primary_f35_t32: medians={'eigen': 11.175483167, 'lapack': 22.496827324}, max_difference=8.17544e-16
starting primary_f55_t32 first=eigen
completed primary_f55_t32: medians={'eigen': 30.329000917, 'lapack': 40.213514046}, max_difference=7.65494e-16
starting single_thread_f5_t1 first=lapack
completed single_thread_f5_t1: medians={'eigen': 20.339303712, 'lapack': 13.342736287}, max_difference=1.32567e-16
starting single_thread_f10_t1 first=eigen
completed single_thread_f10_t1: medians={'eigen': 46.561361457, 'lapack': 30.911447861}, max_difference=3.91742e-16
starting single_thread_f20_t1 first=lapack
completed single_thread_f20_t1: medians={'eigen': 127.649628643, 'lapack': 84.648357161}, max_difference=5.86191e-16
starting scaling_f35_t10 first=eigen
completed scaling_f35_t10: medians={'eigen': 35.613155177500005, 'lapack': 31.5498475085}, max_difference=8.17545e-16
starting scaling_f35_t20 first=lapack
completed scaling_f35_t20: medians={'eigen': 17.854618987, 'lapack': 25.021720742}, max_difference=8.17545e-16
starting scaling_f35_t50 first=eigen
completed scaling_f35_t50: medians={'eigen': 7.2515564, 'lapack': 21.3171948385}, max_difference=8.17544e-16
{
  "raw": "/space/adcm2/CleanBuilds/DSpecM1D/results/final_benchmark/final_production_timings.tsv",
  "comparisons": "/space/adcm2/CleanBuilds/DSpecM1D/results/final_benchmark/final_production_comparisons.tsv",
  "metadata": "/space/adcm2/CleanBuilds/DSpecM1D/results/final_benchmark/final_production_metadata.json"
}
